// Jest Snapshot v1, https://goo.gl/fbAQLP

exports[`global works with \`injectGlobal\` 1`] = `
"<style data-styled-components=\\"\\">
/* sc-component-id: sc-global-2614879494 */
html{color:blue;}</style>"
`;
